// Jest Snapshot v1, https://goo.gl/fbAQLP

exports[`getAces 1`] = `
Array [
  Object {
    "date": "25/9/21",
    "map": "Inferno",
    "player": "rain",
    "round": "6",
    "team1": "FaZe",
    "team2": "OG",
  },
  Object {
    "date": "25/9/21",
    "map": "Inferno",
    "player": "flameZ",
    "round": "28",
    "team1": "FaZe",
    "team2": "OG",
  },
  Object {
    "date": "25/9/21",
    "map": "Ancient",
    "player": "Twistzz",
    "round": "16",
    "team1": "OG",
    "team2": "FaZe",
  },
  Object {
    "date": "25/9/21",
    "map": "Overpass",
    "player": "Perfecto",
    "round": "15",
    "team1": "Natus Vincere",
    "team2": "Complexity",
  },
  Object {
    "date": "24/9/21",
    "map": "Ancient",
    "player": "Twistzz",
    "round": "11",
    "team1": "Complexity",
    "team2": "FaZe",
  },
  Object {
    "date": "20/9/21",
    "map": "Inferno",
    "player": "REZ",
    "round": "2",
    "team1": "NIP",
    "team2": "BIG",
  },
  Object {
    "date": "20/9/21",
    "map": "Inferno",
    "player": "AMANEK",
    "round": "6",
    "team1": "MIBR",
    "team2": "G2",
  },
  Object {
    "date": "18/9/21",
    "map": "Vertigo",
    "player": "Bubzkji",
    "round": "3",
    "team1": "Astralis",
    "team2": "Vitality",
  },
  Object {
    "date": "18/9/21",
    "map": "Dust2",
    "player": "Kyojin",
    "round": "8",
    "team1": "Vitality",
    "team2": "Astralis",
  },
  Object {
    "date": "16/9/21",
    "map": "Inferno",
    "player": "Stewie2K",
    "round": "20",
    "team1": "Vitality",
    "team2": "Liquid",
  },
]
`;

exports[`getAces 2`] = `
Array [
  Object {
    "date": "17/5/22",
    "map": "Overpass",
    "player": "Magisk",
    "round": "9",
    "team1": "Vitality",
    "team2": "Heroic",
  },
  Object {
    "date": "15/5/22",
    "map": "Nuke",
    "player": "Ax1Le",
    "round": "22",
    "team1": "Cloud9",
    "team2": "FaZe",
  },
  Object {
    "date": "14/5/22",
    "map": "Nuke",
    "player": "cadiaN",
    "round": "1",
    "team1": "Heroic",
    "team2": "Spirit",
  },
]
`;
