// Jest Snapshot v1, https://goo.gl/fbAQLP

exports[`getMatchStats 1`] = `
Object {
  "date": 1544901600000,
  "event": Object {
    "id": 4205,
    "name": "BLAST Pro Series Lisbon 2018",
  },
  "matchPageID": 2329728,
  "overview": Object {
    "bestRating": Object {
      "id": 7398,
      "name": "dupreeh",
      "value": 1.34,
    },
    "clutchesWon": Object {
      "team1": 0,
      "team2": 3,
    },
    "firstKills": Object {
      "team1": 41,
      "team2": 27,
    },
    "mostAWPKills": Object {
      "id": 7592,
      "name": "device",
      "value": 23,
    },
    "mostAssists": Object {
      "id": 7412,
      "name": "gla1ve",
      "value": 13,
    },
    "mostDamage": Object {
      "id": 7398,
      "name": "dupreeh",
      "value": 93.3,
    },
    "mostFirstKills": Object {
      "id": 7398,
      "name": "dupreeh",
      "value": 12,
    },
    "mostKills": Object {
      "id": 7398,
      "name": "dupreeh",
      "value": 58,
    },
    "rating": Object {
      "team1": 1.14,
      "team2": 0.9,
    },
  },
  "playerStats": Object {
    "team1": Array [
      Object {
        "ADR": 93.3,
        "KAST": 80.9,
        "assists": 13,
        "deaths": 47,
        "firstKillsDifference": 4,
        "flashAssists": 4,
        "hsKills": 24,
        "id": 7398,
        "killDeathsDifference": 11,
        "kills": 58,
        "name": "dupreeh",
        "rating": 1.34,
      },
      Object {
        "ADR": 79.4,
        "KAST": 75,
        "assists": 13,
        "deaths": 34,
        "firstKillsDifference": 5,
        "flashAssists": 5,
        "hsKills": 34,
        "id": 9032,
        "killDeathsDifference": 18,
        "kills": 52,
        "name": "Magisk",
        "rating": 1.27,
      },
      Object {
        "ADR": 76,
        "KAST": 69.1,
        "assists": 10,
        "deaths": 40,
        "firstKillsDifference": 4,
        "flashAssists": 3,
        "hsKills": 13,
        "id": 7592,
        "killDeathsDifference": 8,
        "kills": 48,
        "name": "device",
        "rating": 1.1,
      },
      Object {
        "ADR": 71.2,
        "KAST": 69.1,
        "assists": 15,
        "deaths": 40,
        "firstKillsDifference": 1,
        "flashAssists": 2,
        "hsKills": 13,
        "id": 7412,
        "killDeathsDifference": 1,
        "kills": 41,
        "name": "gla1ve",
        "rating": 1.01,
      },
      Object {
        "ADR": 72.1,
        "KAST": 67.6,
        "assists": 13,
        "deaths": 42,
        "firstKillsDifference": 0,
        "flashAssists": 2,
        "hsKills": 12,
        "id": 4954,
        "killDeathsDifference": -1,
        "kills": 41,
        "name": "Xyp9x",
        "rating": 0.96,
      },
    ],
    "team2": Array [
      Object {
        "ADR": 81.6,
        "KAST": 61.8,
        "assists": 7,
        "deaths": 44,
        "firstKillsDifference": -1,
        "flashAssists": 2,
        "hsKills": 28,
        "id": 7998,
        "killDeathsDifference": 10,
        "kills": 54,
        "name": "s1mple",
        "rating": 1.16,
      },
      Object {
        "ADR": 71.8,
        "KAST": 61.8,
        "assists": 9,
        "deaths": 48,
        "firstKillsDifference": -4,
        "flashAssists": 3,
        "hsKills": 27,
        "id": 7594,
        "killDeathsDifference": -4,
        "kills": 44,
        "name": "flamie",
        "rating": 0.96,
      },
      Object {
        "ADR": 70,
        "KAST": 52.9,
        "assists": 11,
        "deaths": 51,
        "firstKillsDifference": -1,
        "flashAssists": 3,
        "hsKills": 20,
        "id": 8918,
        "killDeathsDifference": -10,
        "kills": 41,
        "name": "electronic",
        "rating": 0.93,
      },
      Object {
        "ADR": 58.7,
        "KAST": 69.1,
        "assists": 3,
        "deaths": 46,
        "firstKillsDifference": -4,
        "flashAssists": 0,
        "hsKills": 18,
        "id": 483,
        "killDeathsDifference": -4,
        "kills": 42,
        "name": "Edward",
        "rating": 0.86,
      },
      Object {
        "ADR": 49.8,
        "KAST": 55.9,
        "assists": 18,
        "deaths": 51,
        "firstKillsDifference": -4,
        "flashAssists": 7,
        "hsKills": 11,
        "id": 484,
        "killDeathsDifference": -29,
        "kills": 22,
        "name": "Zeus",
        "rating": 0.59,
      },
    ],
  },
  "team1": Object {
    "id": 6665,
    "name": "Astralis",
    "score": 2,
  },
  "team2": Object {
    "id": 4608,
    "name": "Natus Vincere",
    "score": 1,
  },
}
`;

exports[`getMatchStats 2`] = `
Object {
  "date": 1545652800000,
  "event": Object {
    "id": 4339,
    "name": "LOOT.BET Bullet Blizzard",
  },
  "matchPageID": 2330118,
  "overview": Object {
    "bestRating": Object {
      "id": 9008,
      "name": "FANAT ROCKA",
      "value": 1.33,
    },
    "clutchesWon": Object {
      "team1": 4,
      "team2": 3,
    },
    "firstKills": Object {
      "team1": 31,
      "team2": 42,
    },
    "mostAWPKills": Object {
      "id": 9008,
      "name": "FANAT ROCKA",
      "value": 38,
    },
    "mostAssists": Object {
      "id": 13779,
      "name": "PASHANOJ",
      "value": 14,
    },
    "mostDamage": Object {
      "id": 13779,
      "name": "PASHANOJ",
      "value": 94.7,
    },
    "mostFirstKills": Object {
      "id": 13779,
      "name": "PASHANOJ",
      "value": 16,
    },
    "mostKills": Object {
      "id": 9008,
      "name": "FANAT ROCKA",
      "value": 62,
    },
    "rating": Object {
      "team1": 0.87,
      "team2": 1.19,
    },
  },
  "playerStats": Object {
    "team1": Array [
      Object {
        "ADR": 66,
        "KAST": 65.8,
        "assists": 10,
        "deaths": 52,
        "firstKillsDifference": 8,
        "flashAssists": 7,
        "hsKills": 28,
        "id": 15662,
        "killDeathsDifference": -3,
        "kills": 49,
        "name": "zorte",
        "rating": 0.98,
      },
      Object {
        "ADR": 71.1,
        "KAST": 56.2,
        "assists": 10,
        "deaths": 54,
        "firstKillsDifference": 0,
        "flashAssists": 2,
        "hsKills": 33,
        "id": 16948,
        "killDeathsDifference": -7,
        "kills": 47,
        "name": "TRAVIS",
        "rating": 0.92,
      },
      Object {
        "ADR": 62,
        "KAST": 67.1,
        "assists": 13,
        "deaths": 53,
        "firstKillsDifference": -8,
        "flashAssists": 1,
        "hsKills": 28,
        "id": 13899,
        "killDeathsDifference": -10,
        "kills": 43,
        "name": "la3euka",
        "rating": 0.91,
      },
      Object {
        "ADR": 77.5,
        "KAST": 61.6,
        "assists": 13,
        "deaths": 57,
        "firstKillsDifference": 1,
        "flashAssists": 1,
        "hsKills": 21,
        "id": 16946,
        "killDeathsDifference": -13,
        "kills": 44,
        "name": "Polt",
        "rating": 0.9,
      },
      Object {
        "ADR": 60.8,
        "KAST": 58.9,
        "assists": 13,
        "deaths": 61,
        "firstKillsDifference": -12,
        "flashAssists": 5,
        "hsKills": 18,
        "id": 9446,
        "killDeathsDifference": -26,
        "kills": 35,
        "name": "kamaz1k",
        "rating": 0.63,
      },
    ],
    "team2": Array [
      Object {
        "ADR": 80.8,
        "KAST": 76.7,
        "assists": 16,
        "deaths": 38,
        "firstKillsDifference": 4,
        "flashAssists": 6,
        "hsKills": 17,
        "id": 9008,
        "killDeathsDifference": 24,
        "kills": 62,
        "name": "FANAT ROCKA",
        "rating": 1.33,
      },
      Object {
        "ADR": 94.7,
        "KAST": 71.2,
        "assists": 19,
        "deaths": 50,
        "firstKillsDifference": 3,
        "flashAssists": 5,
        "hsKills": 29,
        "id": 13779,
        "killDeathsDifference": 9,
        "kills": 59,
        "name": "PASHANOJ",
        "rating": 1.29,
      },
      Object {
        "ADR": 91.1,
        "KAST": 72.6,
        "assists": 8,
        "deaths": 43,
        "firstKillsDifference": 5,
        "flashAssists": 0,
        "hsKills": 21,
        "id": 14205,
        "killDeathsDifference": 16,
        "kills": 59,
        "name": "R0b3n",
        "rating": 1.26,
      },
      Object {
        "ADR": 67.9,
        "KAST": 75.3,
        "assists": 11,
        "deaths": 44,
        "firstKillsDifference": 0,
        "flashAssists": 0,
        "hsKills": 29,
        "id": 7943,
        "killDeathsDifference": 5,
        "kills": 49,
        "name": "uNdo",
        "rating": 1.04,
      },
      Object {
        "ADR": 69.3,
        "KAST": 67.1,
        "assists": 11,
        "deaths": 44,
        "firstKillsDifference": -1,
        "flashAssists": 3,
        "hsKills": 26,
        "id": 10590,
        "killDeathsDifference": 4,
        "kills": 48,
        "name": "fenvicious",
        "rating": 1.01,
      },
    ],
  },
  "team1": Object {
    "id": 9357,
    "name": "Underdogs",
    "score": 1,
  },
  "team2": Object {
    "id": 9287,
    "name": "Unique",
    "score": 2,
  },
}
`;

exports[`getMatchStats 3`] = `
Object {
  "date": 1545462900000,
  "event": Object {
    "id": 4283,
    "name": "StarSeries i-League Season 7 Asia Qualifier",
  },
  "matchPageID": 2329953,
  "overview": Object {
    "bestRating": Object {
      "id": 10774,
      "name": "Freeman",
      "value": 1.42,
    },
    "clutchesWon": Object {
      "team1": 3,
      "team2": 3,
    },
    "firstKills": Object {
      "team1": 30,
      "team2": 25,
    },
    "mostAWPKills": Object {
      "id": 11580,
      "name": "V4D1M",
      "value": 19,
    },
    "mostAssists": Object {
      "id": 10774,
      "name": "Freeman",
      "value": 10,
    },
    "mostDamage": Object {
      "id": 11580,
      "name": "V4D1M",
      "value": 100.5,
    },
    "mostFirstKills": Object {
      "id": 8601,
      "name": "zhokiNg",
      "value": 10,
    },
    "mostKills": Object {
      "id": 10774,
      "name": "Freeman",
      "value": 50,
    },
    "rating": Object {
      "team1": 1.22,
      "team2": 0.89,
    },
  },
  "playerStats": Object {
    "team1": Array [
      Object {
        "ADR": 91.5,
        "KAST": 80,
        "assists": 11,
        "deaths": 32,
        "firstKillsDifference": -5,
        "flashAssists": 1,
        "hsKills": 20,
        "id": 10774,
        "killDeathsDifference": 18,
        "kills": 50,
        "name": "Freeman",
        "rating": 1.42,
      },
      Object {
        "ADR": 82.7,
        "KAST": 87.3,
        "assists": 16,
        "deaths": 29,
        "firstKillsDifference": 4,
        "flashAssists": 7,
        "hsKills": 23,
        "id": 8600,
        "killDeathsDifference": 20,
        "kills": 49,
        "name": "advent",
        "rating": 1.42,
      },
      Object {
        "ADR": 96.1,
        "KAST": 78.2,
        "assists": 10,
        "deaths": 41,
        "firstKillsDifference": 5,
        "flashAssists": 0,
        "hsKills": 24,
        "id": 8601,
        "killDeathsDifference": 8,
        "kills": 49,
        "name": "zhokiNg",
        "rating": 1.3,
      },
      Object {
        "ADR": 66.8,
        "KAST": 72.7,
        "assists": 8,
        "deaths": 30,
        "firstKillsDifference": 2,
        "flashAssists": 0,
        "hsKills": 12,
        "id": 8604,
        "killDeathsDifference": -1,
        "kills": 29,
        "name": "aumaN",
        "rating": 1.01,
      },
      Object {
        "ADR": 63.6,
        "KAST": 67.3,
        "assists": 8,
        "deaths": 34,
        "firstKillsDifference": -1,
        "flashAssists": 3,
        "hsKills": 11,
        "id": 8950,
        "killDeathsDifference": 1,
        "kills": 35,
        "name": "Kaze",
        "rating": 0.93,
      },
    ],
    "team2": Array [
      Object {
        "ADR": 100.5,
        "KAST": 67.3,
        "assists": 14,
        "deaths": 43,
        "firstKillsDifference": 2,
        "flashAssists": 5,
        "hsKills": 19,
        "id": 11580,
        "killDeathsDifference": 6,
        "kills": 49,
        "name": "V4D1M",
        "rating": 1.3,
      },
      Object {
        "ADR": 81.7,
        "KAST": 61.8,
        "assists": 6,
        "deaths": 45,
        "firstKillsDifference": 4,
        "flashAssists": 2,
        "hsKills": 23,
        "id": 11133,
        "killDeathsDifference": -5,
        "kills": 40,
        "name": "Koshak",
        "rating": 0.99,
      },
      Object {
        "ADR": 65.1,
        "KAST": 65.5,
        "assists": 7,
        "deaths": 44,
        "firstKillsDifference": -4,
        "flashAssists": 1,
        "hsKills": 18,
        "id": 14140,
        "killDeathsDifference": -11,
        "kills": 33,
        "name": "FIOURN",
        "rating": 0.8,
      },
      Object {
        "ADR": 55.2,
        "KAST": 61.8,
        "assists": 4,
        "deaths": 38,
        "firstKillsDifference": -4,
        "flashAssists": 0,
        "hsKills": 14,
        "id": 14407,
        "killDeathsDifference": -11,
        "kills": 27,
        "name": "nightsama",
        "rating": 0.77,
      },
      Object {
        "ADR": 40.9,
        "KAST": 61.8,
        "assists": 7,
        "deaths": 42,
        "firstKillsDifference": -3,
        "flashAssists": 1,
        "hsKills": 7,
        "id": 11377,
        "killDeathsDifference": -26,
        "kills": 16,
        "name": "Ethan",
        "rating": 0.58,
      },
    ],
  },
  "team1": Object {
    "id": 7606,
    "name": "ViCi",
    "score": 2,
  },
  "team2": Object {
    "id": 9483,
    "name": "Sparta",
    "score": 0,
  },
}
`;
