// Jest Snapshot v1, https://goo.gl/fbAQLP

exports[`getMatches 1`] = `
Array [
  Object {
    "event": Object {
      "id": 5471,
      "name": "IEM New York 2020 North America Closed Qualifier",
    },
    "format": "bo3",
    "id": 2343469,
    "live": true,
    "stars": 0,
    "team1": Object {
      "id": 8728,
      "name": "Yeah",
    },
    "team2": Object {
      "id": 10791,
      "name": "Positive Vibes Only",
    },
  },
  Object {
    "date": 1597647600000,
    "event": Object {
      "id": 5450,
      "name": "Nine to Five 3",
    },
    "format": "bo3",
    "id": 2343407,
    "live": false,
    "stars": 0,
    "team1": Object {
      "id": 10426,
      "name": "Wisla Krakow",
    },
    "team2": Object {
      "id": 10764,
      "name": "Galaxy Racer",
    },
    "title": undefined,
  },
  Object {
    "date": 1597647600000,
    "event": Object {
      "id": 5450,
      "name": "Nine to Five 3",
    },
    "format": "bo3",
    "id": 2343408,
    "live": false,
    "stars": 0,
    "team1": Object {
      "id": 10788,
      "name": "selectah",
    },
    "team2": Object {
      "id": 9648,
      "name": "KOVA",
    },
    "title": undefined,
  },
  Object {
    "date": 1597655400000,
    "event": Object {
      "id": 5264,
      "name": "ESEA MDL Season 34 Australia",
    },
    "format": "bo3",
    "id": 2343456,
    "live": false,
    "stars": 0,
    "team1": Object {
      "id": 8668,
      "name": "ORDER",
    },
    "team2": Object {
      "id": 10713,
      "name": "TRUCKERS WITH ATTITUDE",
    },
    "title": undefined,
  },
  Object {
    "date": 1597657200000,
    "event": Object {
      "id": 5264,
      "name": "ESEA MDL Season 34 Australia",
    },
    "format": "bo3",
    "id": 2343472,
    "live": false,
    "stars": 0,
    "team1": Object {
      "id": 7983,
      "name": "Paradox",
    },
    "team2": Object {
      "id": 10712,
      "name": "Bantz",
    },
    "title": undefined,
  },
  Object {
    "date": 1597658400000,
    "event": Object {
      "id": 5450,
      "name": "Nine to Five 3",
    },
    "format": "bo3",
    "id": 2343409,
    "live": false,
    "stars": 0,
    "team1": Object {
      "id": 10150,
      "name": "CR4ZY",
    },
    "team2": Object {
      "id": 5310,
      "name": "HellRaisers",
    },
    "title": undefined,
  },
  Object {
    "date": 1597658400000,
    "event": Object {
      "id": 5450,
      "name": "Nine to Five 3",
    },
    "format": "bo3",
    "id": 2343410,
    "live": false,
    "stars": 1,
    "team1": Object {
      "id": 7244,
      "name": "K23",
    },
    "team2": Object {
      "id": 8504,
      "name": "SJ",
    },
    "title": undefined,
  },
  Object {
    "date": 1597662000000,
    "event": Object {
      "id": 5455,
      "name": "FunSpark ULTI 2020 Europe Qualifier",
    },
    "format": "bo3",
    "id": 2343479,
    "live": false,
    "stars": 1,
    "team1": Object {
      "id": 8769,
      "name": "Nordavind",
    },
    "team2": Object {
      "id": 8135,
      "name": "forZe",
    },
    "title": undefined,
  },
  Object {
    "date": 1597669200000,
    "event": Object {
      "id": 5450,
      "name": "Nine to Five 3",
    },
    "format": "bo3",
    "id": 2343411,
    "live": false,
    "stars": 0,
    "team1": Object {
      "id": 9797,
      "name": "AVEZ",
    },
    "team2": Object {
      "id": 6978,
      "name": "Singularity",
    },
    "title": undefined,
  },
  Object {
    "date": 1597669200000,
    "event": Object {
      "id": 5450,
      "name": "Nine to Five 3",
    },
    "format": "bo3",
    "id": 2343412,
    "live": false,
    "stars": 1,
    "team1": Object {
      "id": 9863,
      "name": "FATE",
    },
    "team2": Object {
      "id": 7681,
      "name": "Izako Boars",
    },
    "title": undefined,
  },
  Object {
    "date": 1597672800000,
    "event": Object {
      "id": 5455,
      "name": "FunSpark ULTI 2020 Europe Qualifier",
    },
    "format": "bo3",
    "id": 2343480,
    "live": false,
    "stars": 1,
    "team1": Object {
      "id": 4468,
      "name": "x6tence",
    },
    "team2": Object {
      "id": 7865,
      "name": "HAVU",
    },
    "title": undefined,
  },
  Object {
    "date": 1597676400000,
    "event": Object {
      "id": 5443,
      "name": "ESEA MDL Season 33 Europe Finals",
    },
    "format": "bo5",
    "id": 2343019,
    "live": false,
    "stars": 1,
    "team1": Object {
      "id": 8637,
      "name": "Sprout",
    },
    "team2": Object {
      "id": 8068,
      "name": "AGO",
    },
    "title": undefined,
  },
  Object {
    "date": 1597680000000,
    "event": Object {
      "id": 5429,
      "name": "ESEA MDL Season 34 Europe Relegation",
    },
    "format": "bo3",
    "id": 2343300,
    "live": false,
    "stars": 1,
    "team1": Object {
      "id": 10488,
      "name": "Secret",
    },
    "team2": Object {
      "id": 8346,
      "name": "Heretics",
    },
    "title": undefined,
  },
  Object {
    "date": 1597680000000,
    "event": Object {
      "id": 5450,
      "name": "Nine to Five 3",
    },
    "format": "bo3",
    "id": 2343413,
    "live": false,
    "stars": 0,
    "team1": Object {
      "id": 8769,
      "name": "Nordavind",
    },
    "team2": Object {
      "id": 10386,
      "name": "SKADE",
    },
    "title": undefined,
  },
  Object {
    "date": 1597690800000,
    "event": Object {
      "id": 5450,
      "name": "Nine to Five 3",
    },
    "format": "bo3",
    "id": 2343414,
    "live": false,
    "stars": 1,
    "team1": Object {
      "id": 8135,
      "name": "forZe",
    },
    "team2": Object {
      "id": 7461,
      "name": "Copenhagen Flames",
    },
    "title": undefined,
  },
  Object {
    "date": 1597734000000,
    "event": undefined,
    "format": "bo3",
    "id": 2343415,
    "live": false,
    "stars": 0,
    "team1": undefined,
    "team2": undefined,
    "title": "Nine to Five 3 Swiss Round 2 #1",
  },
  Object {
    "date": 1597734000000,
    "event": undefined,
    "format": "bo3",
    "id": 2343416,
    "live": false,
    "stars": 0,
    "team1": undefined,
    "team2": undefined,
    "title": "Nine to Five 3 Swiss Round 2 #2",
  },
  Object {
    "date": 1597744800000,
    "event": undefined,
    "format": "bo3",
    "id": 2343417,
    "live": false,
    "stars": 0,
    "team1": undefined,
    "team2": undefined,
    "title": "Nine to Five 3 Swiss Round 2 #3",
  },
  Object {
    "date": 1597744800000,
    "event": undefined,
    "format": "bo3",
    "id": 2343418,
    "live": false,
    "stars": 0,
    "team1": undefined,
    "team2": undefined,
    "title": "Nine to Five 3 Swiss Round 2 #4",
  },
  Object {
    "date": 1597752000000,
    "event": Object {
      "id": 5429,
      "name": "ESEA MDL Season 34 Europe Relegation",
    },
    "format": "bo3",
    "id": 2343304,
    "live": false,
    "stars": 0,
    "team1": Object {
      "id": 9812,
      "name": "Unicorns of Love",
    },
    "team2": Object {
      "id": undefined,
      "name": "Secret/Heretics winner",
    },
    "title": undefined,
  },
  Object {
    "date": 1597755600000,
    "event": Object {
      "id": 4939,
      "name": "ESL One Cologne 2020 Europe",
    },
    "format": "bo3",
    "id": 2343176,
    "live": false,
    "stars": 1,
    "team1": Object {
      "id": 7532,
      "name": "BIG",
    },
    "team2": Object {
      "id": 8637,
      "name": "Sprout",
    },
    "title": undefined,
  },
  Object {
    "date": 1597755600000,
    "event": Object {
      "id": 4939,
      "name": "ESL One Cologne 2020 Europe",
    },
    "format": "bo3",
    "id": 2343177,
    "live": false,
    "stars": 2,
    "team1": Object {
      "id": 10503,
      "name": "OG",
    },
    "team2": Object {
      "id": 4411,
      "name": "NiP",
    },
    "title": undefined,
  },
  Object {
    "date": 1597755600000,
    "event": undefined,
    "format": "bo3",
    "id": 2343419,
    "live": false,
    "stars": 0,
    "team1": undefined,
    "team2": undefined,
    "title": "Nine to Five 3 Swiss Round 2 #5",
  },
  Object {
    "date": 1597755600000,
    "event": undefined,
    "format": "bo3",
    "id": 2343420,
    "live": false,
    "stars": 0,
    "team1": undefined,
    "team2": undefined,
    "title": "Nine to Five 3 Swiss Round 2 #6",
  },
  Object {
    "date": 1597766400000,
    "event": Object {
      "id": 5429,
      "name": "ESEA MDL Season 34 Europe Relegation",
    },
    "format": "bo3",
    "id": 2343299,
    "live": false,
    "stars": 0,
    "team1": Object {
      "id": 4602,
      "name": "Tricked",
    },
    "team2": Object {
      "id": 10278,
      "name": "9INE",
    },
    "title": undefined,
  },
  Object {
    "date": 1597766400000,
    "event": Object {
      "id": 5429,
      "name": "ESEA MDL Season 34 Europe Relegation",
    },
    "format": "bo3",
    "id": 2343301,
    "live": false,
    "stars": 0,
    "team1": Object {
      "id": 7187,
      "name": "Nexus",
    },
    "team2": Object {
      "id": 6297,
      "name": "CeX",
    },
    "title": undefined,
  },
  Object {
    "date": 1597766400000,
    "event": undefined,
    "format": "bo3",
    "id": 2343421,
    "live": false,
    "stars": 0,
    "team1": undefined,
    "team2": undefined,
    "title": "Nine to Five 3 Swiss Round 2 #7",
  },
  Object {
    "date": 1597768200000,
    "event": Object {
      "id": 4939,
      "name": "ESL One Cologne 2020 Europe",
    },
    "format": "bo3",
    "id": 2343178,
    "live": false,
    "stars": 1,
    "team1": Object {
      "id": 9565,
      "name": "Vitality",
    },
    "team2": Object {
      "id": 8346,
      "name": "Heretics",
    },
    "title": undefined,
  },
  Object {
    "date": 1597768200000,
    "event": Object {
      "id": 4939,
      "name": "ESL One Cologne 2020 Europe",
    },
    "format": "bo3",
    "id": 2343179,
    "live": false,
    "stars": 2,
    "team1": Object {
      "id": 4991,
      "name": "fnatic",
    },
    "team2": Object {
      "id": 6665,
      "name": "Astralis",
    },
    "title": undefined,
  },
  Object {
    "date": 1597777200000,
    "event": Object {
      "id": 5429,
      "name": "ESEA MDL Season 34 Europe Relegation",
    },
    "format": "bo3",
    "id": 2343303,
    "live": false,
    "stars": 0,
    "team1": Object {
      "id": 7898,
      "name": "pro100",
    },
    "team2": Object {
      "id": undefined,
      "name": "Tricked/9INE winner",
    },
    "title": undefined,
  },
  Object {
    "date": 1597777200000,
    "event": Object {
      "id": 5429,
      "name": "ESEA MDL Season 34 Europe Relegation",
    },
    "format": "bo3",
    "id": 2343305,
    "live": false,
    "stars": 0,
    "team1": Object {
      "id": 10739,
      "name": "mens",
    },
    "team2": Object {
      "id": undefined,
      "name": "Nexus/CeX winner",
    },
    "title": undefined,
  },
  Object {
    "date": 1597777200000,
    "event": undefined,
    "format": "bo3",
    "id": 2343422,
    "live": false,
    "stars": 0,
    "team1": undefined,
    "team2": undefined,
    "title": "Nine to Five 3 Swiss Round 2 #8",
  },
  Object {
    "date": 1597780800000,
    "event": Object {
      "id": 5435,
      "name": "ESL One Cologne 2020 North America",
    },
    "format": "bo3",
    "id": 2343182,
    "live": false,
    "stars": 1,
    "team1": Object {
      "id": 8297,
      "name": "FURIA",
    },
    "team2": Object {
      "id": 9085,
      "name": "Chaos",
    },
    "title": undefined,
  },
  Object {
    "date": 1597780800000,
    "event": Object {
      "id": 5435,
      "name": "ESL One Cologne 2020 North America",
    },
    "format": "bo3",
    "id": 2343183,
    "live": false,
    "stars": 2,
    "team1": Object {
      "id": 8474,
      "name": "100 Thieves",
    },
    "team2": Object {
      "id": 10514,
      "name": "Gen.G",
    },
    "title": undefined,
  },
  Object {
    "date": 1597780800000,
    "event": Object {
      "id": 5429,
      "name": "ESEA MDL Season 34 Europe Relegation",
    },
    "format": "tba",
    "id": 2343302,
    "live": false,
    "stars": 0,
    "team1": Object {
      "id": 7718,
      "name": "Movistar Riders",
    },
    "team2": Object {
      "id": 9797,
      "name": "AVEZ",
    },
    "title": undefined,
  },
  Object {
    "date": 1597820400000,
    "event": undefined,
    "format": "bo3",
    "id": 2343423,
    "live": false,
    "stars": 0,
    "team1": undefined,
    "team2": undefined,
    "title": "Nine to Five 3 Swiss Round 3 #1",
  },
  Object {
    "date": 1597820400000,
    "event": undefined,
    "format": "bo3",
    "id": 2343424,
    "live": false,
    "stars": 0,
    "team1": undefined,
    "team2": undefined,
    "title": "Nine to Five 3 Swiss Round 3 #2",
  },
  Object {
    "date": 1597831200000,
    "event": undefined,
    "format": "bo3",
    "id": 2343425,
    "live": false,
    "stars": 0,
    "team1": undefined,
    "team2": undefined,
    "title": "Nine to Five 3 Swiss Round 3 #3",
  },
  Object {
    "date": 1597831200000,
    "event": undefined,
    "format": "bo3",
    "id": 2343426,
    "live": false,
    "stars": 0,
    "team1": undefined,
    "team2": undefined,
    "title": "Nine to Five 3 Swiss Round 3 #4",
  },
  Object {
    "date": 1597842000000,
    "event": Object {
      "id": 4939,
      "name": "ESL One Cologne 2020 Europe",
    },
    "format": "bo3",
    "id": 2343180,
    "live": false,
    "stars": 2,
    "team1": Object {
      "id": 4608,
      "name": "Natus Vincere",
    },
    "team2": Object {
      "id": 4494,
      "name": "mousesports",
    },
    "title": undefined,
  },
  Object {
    "date": 1597842000000,
    "event": Object {
      "id": 4939,
      "name": "ESL One Cologne 2020 Europe",
    },
    "format": "bo3",
    "id": 2343181,
    "live": false,
    "stars": 1,
    "team1": Object {
      "id": 5005,
      "name": "Complexity",
    },
    "team2": Object {
      "id": 8362,
      "name": "MAD Lions",
    },
    "title": undefined,
  },
  Object {
    "date": 1597842000000,
    "event": undefined,
    "format": "bo3",
    "id": 2343427,
    "live": false,
    "stars": 0,
    "team1": undefined,
    "team2": undefined,
    "title": "Nine to Five 3 Swiss Round 3 #5",
  },
  Object {
    "date": 1597842000000,
    "event": undefined,
    "format": "bo3",
    "id": 2343428,
    "live": false,
    "stars": 0,
    "team1": undefined,
    "team2": undefined,
    "title": "Nine to Five 3 Swiss Round 3 #6",
  },
  Object {
    "date": 1597852800000,
    "event": undefined,
    "format": "bo3",
    "id": 2343429,
    "live": false,
    "stars": 0,
    "team1": undefined,
    "team2": undefined,
    "title": "Nine to Five 3 Swiss Round 3 #7",
  },
  Object {
    "date": 1597854600000,
    "event": Object {
      "id": 4939,
      "name": "ESL One Cologne 2020 Europe",
    },
    "format": "bo3",
    "id": 2343185,
    "live": false,
    "stars": 2,
    "team1": Object {
      "id": 6667,
      "name": "FaZe",
    },
    "team2": Object {
      "id": 7175,
      "name": "Heroic",
    },
    "title": undefined,
  },
  Object {
    "date": 1597854600000,
    "event": Object {
      "id": 4939,
      "name": "ESL One Cologne 2020 Europe",
    },
    "format": "bo3",
    "id": 2343187,
    "live": false,
    "stars": 2,
    "team1": Object {
      "id": 9215,
      "name": "MIBR",
    },
    "team2": Object {
      "id": 5995,
      "name": "G2",
    },
    "title": undefined,
  },
  Object {
    "date": 1597863600000,
    "event": undefined,
    "format": "bo3",
    "id": 2343430,
    "live": false,
    "stars": 0,
    "team1": undefined,
    "team2": undefined,
    "title": "Nine to Five 3 Swiss Round 3 #8",
  },
  Object {
    "date": 1597867200000,
    "event": Object {
      "id": 5435,
      "name": "ESL One Cologne 2020 North America",
    },
    "format": "bo3",
    "id": 2343184,
    "live": false,
    "stars": 1,
    "team1": Object {
      "id": 10399,
      "name": "Evil Geniuses",
    },
    "team2": Object {
      "id": 10304,
      "name": "Triumph",
    },
    "title": undefined,
  },
  Object {
    "date": 1597867200000,
    "event": Object {
      "id": 5435,
      "name": "ESL One Cologne 2020 North America",
    },
    "format": "bo3",
    "id": 2343186,
    "live": false,
    "stars": 1,
    "team1": Object {
      "id": 5752,
      "name": "Cloud9",
    },
    "team2": Object {
      "id": 5973,
      "name": "Liquid",
    },
    "title": undefined,
  },
  Object {
    "date": 1597906800000,
    "event": undefined,
    "format": "bo3",
    "id": 2343433,
    "live": false,
    "stars": 0,
    "team1": undefined,
    "team2": undefined,
    "title": "Nine to Five 3 Swiss Round 4 #1",
  },
  Object {
    "date": 1597906800000,
    "event": undefined,
    "format": "bo3",
    "id": 2343434,
    "live": false,
    "stars": 0,
    "team1": undefined,
    "team2": undefined,
    "title": "Nine to Five 3 Swiss Round 4 #2",
  },
  Object {
    "date": 1597917600000,
    "event": undefined,
    "format": "bo3",
    "id": 2343435,
    "live": false,
    "stars": 0,
    "team1": undefined,
    "team2": undefined,
    "title": "Nine to Five 3 Swiss Round 4 #3",
  },
  Object {
    "date": 1597917600000,
    "event": undefined,
    "format": "bo3",
    "id": 2343436,
    "live": false,
    "stars": 0,
    "team1": undefined,
    "team2": undefined,
    "title": "Nine to Five 3 Swiss Round 4 #4",
  },
  Object {
    "date": 1597928400000,
    "event": undefined,
    "format": "bo3",
    "id": 2343386,
    "live": false,
    "stars": 1,
    "team1": undefined,
    "team2": undefined,
    "title": "ESL One Cologne Europe Group A Lower Bracket Round 1 #1",
  },
  Object {
    "date": 1597928400000,
    "event": undefined,
    "format": "bo3",
    "id": 2343437,
    "live": false,
    "stars": 0,
    "team1": undefined,
    "team2": undefined,
    "title": "Nine to Five 3 Swiss Round 4 #5",
  },
  Object {
    "date": 1597928400000,
    "event": undefined,
    "format": "bo3",
    "id": 2343438,
    "live": false,
    "stars": 0,
    "team1": undefined,
    "team2": undefined,
    "title": "Nine to Five 3 Swiss Round 4 #6",
  },
  Object {
    "date": 1597941000000,
    "event": undefined,
    "format": "bo3",
    "id": 2343392,
    "live": false,
    "stars": 1,
    "team1": undefined,
    "team2": undefined,
    "title": "ESL One Cologne Europe Group B Lower Bracket Round 1 #1",
  },
  Object {
    "date": 1597953600000,
    "event": undefined,
    "format": "bo3",
    "id": 2343375,
    "live": false,
    "stars": 1,
    "team1": undefined,
    "team2": undefined,
    "title": "ESL One Cologne North America Group A Winners' Match",
  },
  Object {
    "date": 1597960800000,
    "event": Object {
      "id": 5479,
      "name": "CBCS The Conquest 2020",
    },
    "format": "bo3",
    "id": 2343470,
    "live": false,
    "stars": 0,
    "team1": Object {
      "id": 9455,
      "name": "Imperial",
    },
    "team2": Object {
      "id": 10815,
      "name": "Havan Liberty",
    },
    "title": undefined,
  },
  Object {
    "date": 1597993200000,
    "event": undefined,
    "format": "bo3",
    "id": 2343439,
    "live": false,
    "stars": 0,
    "team1": undefined,
    "team2": undefined,
    "title": "Nine to Five 3 Swiss Round 5 #1",
  },
  Object {
    "date": 1598004000000,
    "event": undefined,
    "format": "bo3",
    "id": 2343440,
    "live": false,
    "stars": 0,
    "team1": undefined,
    "team2": undefined,
    "title": "Nine to Five 3 Swiss Round 5 #2",
  },
  Object {
    "date": 1598014800000,
    "event": undefined,
    "format": "bo3",
    "id": 2343387,
    "live": false,
    "stars": 1,
    "team1": undefined,
    "team2": undefined,
    "title": "ESL One Cologne Europe Group A Lower Bracket Round 1 #2",
  },
  Object {
    "date": 1598014800000,
    "event": undefined,
    "format": "bo3",
    "id": 2343441,
    "live": false,
    "stars": 0,
    "team1": undefined,
    "team2": undefined,
    "title": "Nine to Five 3 Swiss Round 5 #3",
  },
  Object {
    "date": 1598027400000,
    "event": undefined,
    "format": "bo3",
    "id": 2343393,
    "live": false,
    "stars": 1,
    "team1": undefined,
    "team2": undefined,
    "title": "ESL One Cologne Europe Group B Lower Bracket Round 1 #2",
  },
  Object {
    "date": 1598040000000,
    "event": undefined,
    "format": "bo3",
    "id": 2343376,
    "live": false,
    "stars": 1,
    "team1": undefined,
    "team2": undefined,
    "title": "ESL One Cologne North America Group B Winners' Match",
  },
  Object {
    "date": 1598047200000,
    "event": Object {
      "id": 5479,
      "name": "CBCS The Conquest 2020",
    },
    "format": "bo3",
    "id": 2343471,
    "live": false,
    "stars": 0,
    "team1": Object {
      "id": 10735,
      "name": "Prodigy",
    },
    "team2": Object {
      "id": 9941,
      "name": "Neverest",
    },
    "title": undefined,
  },
  Object {
    "date": 1598063400000,
    "event": Object {
      "id": 5318,
      "name": "ESL Australia & NZ Championship Season 11",
    },
    "format": "bo3",
    "id": 2343345,
    "live": false,
    "stars": 0,
    "team1": Object {
      "id": 8668,
      "name": "ORDER",
    },
    "team2": Object {
      "id": 9881,
      "name": "Rooster",
    },
    "title": undefined,
  },
  Object {
    "date": 1598076000000,
    "event": Object {
      "id": 5318,
      "name": "ESL Australia & NZ Championship Season 11",
    },
    "format": "bo3",
    "id": 2343346,
    "live": false,
    "stars": 0,
    "team1": Object {
      "id": 6211,
      "name": "Renegades",
    },
    "team2": Object {
      "id": 5293,
      "name": "AVANT",
    },
    "title": undefined,
  },
  Object {
    "date": 1598088600000,
    "event": undefined,
    "format": "bo5",
    "id": 2343347,
    "live": false,
    "stars": 0,
    "team1": undefined,
    "team2": undefined,
    "title": "ESL ANZ S11 - Grand Final",
  },
  Object {
    "date": 1598101200000,
    "event": undefined,
    "format": "bo3",
    "id": 2343388,
    "live": false,
    "stars": 1,
    "team1": undefined,
    "team2": undefined,
    "title": "ESL One Cologne Europe Group A Upper Bracket Semi-Final #1",
  },
  Object {
    "date": 1598113800000,
    "event": undefined,
    "format": "bo3",
    "id": 2343394,
    "live": false,
    "stars": 1,
    "team1": undefined,
    "team2": undefined,
    "title": "ESL One Cologne Europe Group B Upper Bracket Semi-Final #1",
  },
  Object {
    "date": 1598126400000,
    "event": undefined,
    "format": "bo3",
    "id": 2343377,
    "live": false,
    "stars": 1,
    "team1": undefined,
    "team2": undefined,
    "title": "ESL One Cologne North America Group A Elimination Match",
  },
  Object {
    "date": 1598187600000,
    "event": undefined,
    "format": "bo3",
    "id": 2343389,
    "live": false,
    "stars": 1,
    "team1": undefined,
    "team2": undefined,
    "title": "ESL One Cologne Europe Group A Upper Bracket Semi-Final #2",
  },
  Object {
    "date": 1598200200000,
    "event": undefined,
    "format": "bo3",
    "id": 2343395,
    "live": false,
    "stars": 1,
    "team1": undefined,
    "team2": undefined,
    "title": "ESL One Cologne Europe Group B Upper Bracket Semi-Final #2",
  },
  Object {
    "date": 1598212800000,
    "event": undefined,
    "format": "bo3",
    "id": 2343378,
    "live": false,
    "stars": 1,
    "team1": undefined,
    "team2": undefined,
    "title": "ESL One Cologne North America Group B Elimination Match",
  },
  Object {
    "date": 1598252400000,
    "event": undefined,
    "format": "bo3",
    "id": 2343442,
    "live": false,
    "stars": 0,
    "team1": undefined,
    "team2": undefined,
    "title": "Nine to Five 3 Playoffs Round 1 Match #1",
  },
  Object {
    "date": 1598252400000,
    "event": undefined,
    "format": "bo3",
    "id": 2343443,
    "live": false,
    "stars": 0,
    "team1": undefined,
    "team2": undefined,
    "title": "Nine to Five 3 Playoffs Round 1 Match #2",
  },
  Object {
    "date": 1598263200000,
    "event": undefined,
    "format": "bo3",
    "id": 2343445,
    "live": false,
    "stars": 0,
    "team1": undefined,
    "team2": undefined,
    "title": "Nine to Five 3 Playoffs Round 1 Match #3",
  },
  Object {
    "date": 1598263200000,
    "event": undefined,
    "format": "bo3",
    "id": 2343446,
    "live": false,
    "stars": 0,
    "team1": undefined,
    "team2": undefined,
    "title": "Nine to Five 3 Playoffs Round 1 Match #4",
  },
  Object {
    "date": 1598335200000,
    "event": Object {
      "id": 5437,
      "name": "ESL One Cologne 2020 Oceania",
    },
    "format": "bo3",
    "id": 2343190,
    "live": false,
    "stars": 0,
    "team1": Object {
      "id": 6211,
      "name": "Renegades",
    },
    "team2": Object {
      "id": 6010,
      "name": "Chiefs",
    },
    "title": undefined,
  },
  Object {
    "date": 1598338800000,
    "event": undefined,
    "format": "bo3",
    "id": 2343447,
    "live": false,
    "stars": 0,
    "team1": undefined,
    "team2": undefined,
    "title": "Nine to Five 3 Quarter-Final #1",
  },
  Object {
    "date": 1598338800000,
    "event": undefined,
    "format": "bo3",
    "id": 2343448,
    "live": false,
    "stars": 0,
    "team1": undefined,
    "team2": undefined,
    "title": "Nine to Five 3 Quarter-Final #2",
  },
  Object {
    "date": 1598347800000,
    "event": Object {
      "id": 5436,
      "name": "ESL One Cologne 2020 Asia",
    },
    "format": "bo3",
    "id": 2343188,
    "live": false,
    "stars": 0,
    "team1": Object {
      "id": 4863,
      "name": "TYLOO",
    },
    "team2": Object {
      "id": 8262,
      "name": "Beyond",
    },
    "title": undefined,
  },
  Object {
    "date": 1598349600000,
    "event": undefined,
    "format": "bo3",
    "id": 2343449,
    "live": false,
    "stars": 0,
    "team1": undefined,
    "team2": undefined,
    "title": "Nine to Five 3 Quarter-Final #3",
  },
  Object {
    "date": 1598349600000,
    "event": undefined,
    "format": "bo3",
    "id": 2343450,
    "live": false,
    "stars": 0,
    "team1": undefined,
    "team2": undefined,
    "title": "Nine to Five 3 Quarter-Final #4",
  },
  Object {
    "date": 1598360400000,
    "event": undefined,
    "format": "bo3",
    "id": 2343390,
    "live": false,
    "stars": 1,
    "team1": undefined,
    "team2": undefined,
    "title": "ESL One Cologne Europe Group A Lower Bracket Semi-Final #1",
  },
  Object {
    "date": 1598373000000,
    "event": undefined,
    "format": "bo3",
    "id": 2343396,
    "live": false,
    "stars": 1,
    "team1": undefined,
    "team2": undefined,
    "title": "ESL One Cologne Europe Group B Lower Bracket Semi-Final #1",
  },
  Object {
    "date": 1598385600000,
    "event": undefined,
    "format": "bo3",
    "id": 2343379,
    "live": false,
    "stars": 1,
    "team1": undefined,
    "team2": undefined,
    "title": "ESL One Cologne North America Group A Decider Match",
  },
  Object {
    "date": 1598421600000,
    "event": Object {
      "id": 5437,
      "name": "ESL One Cologne 2020 Oceania",
    },
    "format": "bo3",
    "id": 2343191,
    "live": false,
    "stars": 0,
    "team1": Object {
      "id": 8668,
      "name": "ORDER",
    },
    "team2": Object {
      "id": 5293,
      "name": "AVANT",
    },
    "title": undefined,
  },
  Object {
    "date": 1598425200000,
    "event": undefined,
    "format": "bo3",
    "id": 2343451,
    "live": false,
    "stars": 0,
    "team1": undefined,
    "team2": undefined,
    "title": "Nine to Five 3 Semi-Final #1",
  },
  Object {
    "date": 1598425200000,
    "event": undefined,
    "format": "bo3",
    "id": 2343452,
    "live": false,
    "stars": 0,
    "team1": undefined,
    "team2": undefined,
    "title": "Nine to Five 3 Semi-Final #2",
  },
  Object {
    "date": 1598434200000,
    "event": Object {
      "id": 5436,
      "name": "ESL One Cologne 2020 Asia",
    },
    "format": "bo3",
    "id": 2343189,
    "live": false,
    "stars": 0,
    "team1": Object {
      "id": 7606,
      "name": "ViCi",
    },
    "team2": Object {
      "id": 7966,
      "name": "Invictus",
    },
    "title": undefined,
  },
  Object {
    "date": 1598436000000,
    "event": undefined,
    "format": "bo3",
    "id": 2343453,
    "live": false,
    "stars": 0,
    "team1": undefined,
    "team2": undefined,
    "title": "Nine to Five 3 Grand Final",
  },
  Object {
    "date": 1598446800000,
    "event": undefined,
    "format": "bo3",
    "id": 2343391,
    "live": false,
    "stars": 1,
    "team1": undefined,
    "team2": undefined,
    "title": "ESL One Cologne Europe Group A Lower Bracket Semi-Final #2",
  },
  Object {
    "date": 1598459400000,
    "event": undefined,
    "format": "bo3",
    "id": 2343398,
    "live": false,
    "stars": 1,
    "team1": undefined,
    "team2": undefined,
    "title": "ESL One Cologne Europe Group B Lower Bracket Semi-Final #2",
  },
  Object {
    "date": 1598472000000,
    "event": undefined,
    "format": "bo3",
    "id": 2343380,
    "live": false,
    "stars": 1,
    "team1": undefined,
    "team2": undefined,
    "title": "ESL One Cologne North America Group B Decider Match",
  },
  Object {
    "date": 1598508000000,
    "event": undefined,
    "format": "bo3",
    "id": 2343367,
    "live": false,
    "stars": 0,
    "team1": undefined,
    "team2": undefined,
    "title": "ESL One Cologne Oceania Upper Bracket Final",
  },
  Object {
    "date": 1598520600000,
    "event": undefined,
    "format": "bo3",
    "id": 2343371,
    "live": false,
    "stars": 0,
    "team1": undefined,
    "team2": undefined,
    "title": "ESL One Cologne Asia Upper Bracket Final",
  },
  Object {
    "date": 1598533200000,
    "event": undefined,
    "format": "bo3",
    "id": 2343400,
    "live": false,
    "stars": 2,
    "team1": undefined,
    "team2": undefined,
    "title": "ESL One Cologne Europe Quarter-Final #1",
  },
  Object {
    "date": 1598545800000,
    "event": undefined,
    "format": "bo3",
    "id": 2343401,
    "live": false,
    "stars": 2,
    "team1": undefined,
    "team2": undefined,
    "title": "ESL One Cologne Europe Quarter-Final #2",
  },
  Object {
    "date": 1598558400000,
    "event": undefined,
    "format": "bo3",
    "id": 2343381,
    "live": false,
    "stars": 1,
    "team1": undefined,
    "team2": undefined,
    "title": "ESL One Cologne North America Semi-Final #1",
  },
  Object {
    "date": 1598594400000,
    "event": undefined,
    "format": "bo3",
    "id": 2343368,
    "live": false,
    "stars": 0,
    "team1": undefined,
    "team2": undefined,
    "title": "ESL One Cologne Oceania Lower Bracket Round 1",
  },
  Object {
    "date": 1598607000000,
    "event": undefined,
    "format": "bo3",
    "id": 2343372,
    "live": false,
    "stars": 0,
    "team1": undefined,
    "team2": undefined,
    "title": "ESL One Cologne Asia Lower Bracket Round 1",
  },
  Object {
    "date": 1598619600000,
    "event": undefined,
    "format": "bo3",
    "id": 2343402,
    "live": false,
    "stars": 2,
    "team1": undefined,
    "team2": undefined,
    "title": "ESL One Cologne Europe Quarter-Final #3",
  },
  Object {
    "date": 1598632200000,
    "event": undefined,
    "format": "bo3",
    "id": 2343403,
    "live": false,
    "stars": 2,
    "team1": undefined,
    "team2": undefined,
    "title": "ESL One Cologne Europe Quarter-Final #4",
  },
  Object {
    "date": 1598644800000,
    "event": undefined,
    "format": "bo3",
    "id": 2343382,
    "live": false,
    "stars": 1,
    "team1": undefined,
    "team2": undefined,
    "title": "ESL One Cologne North America Semi-Final #2",
  },
  Object {
    "date": 1598680800000,
    "event": undefined,
    "format": "bo3",
    "id": 2343369,
    "live": false,
    "stars": 0,
    "team1": undefined,
    "team2": undefined,
    "title": "ESL One Cologne Oceania Consolidation Final",
  },
  Object {
    "date": 1598693400000,
    "event": undefined,
    "format": "bo3",
    "id": 2343373,
    "live": false,
    "stars": 0,
    "team1": undefined,
    "team2": undefined,
    "title": "ESL One Cologne Asia Consolidation Final",
  },
  Object {
    "date": 1598706000000,
    "event": undefined,
    "format": "bo3",
    "id": 2343404,
    "live": false,
    "stars": 3,
    "team1": undefined,
    "team2": undefined,
    "title": "ESL One Cologne Europe Semi-Final #1",
  },
  Object {
    "date": 1598718600000,
    "event": undefined,
    "format": "bo3",
    "id": 2343405,
    "live": false,
    "stars": 3,
    "team1": undefined,
    "team2": undefined,
    "title": "ESL One Cologne Europe Semi-Final #2",
  },
  Object {
    "date": 1598731200000,
    "event": undefined,
    "format": "bo5",
    "id": 2343383,
    "live": false,
    "stars": 2,
    "team1": undefined,
    "team2": undefined,
    "title": "ESL One Cologne North America Grand Final",
  },
  Object {
    "date": 1598767200000,
    "event": undefined,
    "format": "bo5",
    "id": 2343370,
    "live": false,
    "stars": 0,
    "team1": undefined,
    "team2": undefined,
    "title": "ESL One Cologne Oceania Grand Final",
  },
  Object {
    "date": 1598779800000,
    "event": undefined,
    "format": "bo5",
    "id": 2343374,
    "live": false,
    "stars": 0,
    "team1": undefined,
    "team2": undefined,
    "title": "ESL One Cologne Asia Grand Final",
  },
  Object {
    "date": 1598805000000,
    "event": undefined,
    "format": "bo5",
    "id": 2343406,
    "live": false,
    "stars": 4,
    "team1": undefined,
    "team2": undefined,
    "title": "ESL One Cologne Europe Grand Final",
  },
]
`;
