// Jest Snapshot v1, https://goo.gl/fbAQLP

exports[`getPlayerStats 1`] = `
Object {
  "age": 23,
  "country": Object {
    "code": "UA",
    "name": "Ukraine",
  },
  "ign": "s1mple",
  "image": "https://img-cdn.hltv.org/playerbodyshot/QNTzHmdKTV1o6HWOQyWHdA.png?ixlib=java-2.1.0&w=400&s=b01c4fdb6b3cde55c6a7aac872bd175e",
  "individualStatistics": Object {
    "firstKillInWonRounds": 20.8,
    "fiveKillRounds": 50,
    "fourKillRounds": 426,
    "grenadeKills": 153,
    "oneKillRounds": 11071,
    "openingDeaths": 3215,
    "openingKillRating": 1.24,
    "openingKillRatio": 1.58,
    "openingKills": 5077,
    "otherKills": 217,
    "pistolKills": 5260,
    "rifleKills": 12615,
    "roundsWithKills": 19078,
    "smgKills": 798,
    "sniperKills": 11041,
    "teamWinPercentAfterFirstKill": 74.8,
    "threeKillRounds": 1931,
    "twoKillRounds": 5600,
    "zeroKillRounds": 16131,
  },
  "name": "Aleksandr Kostyliev",
  "overviewStatistics": Object {
    "assistsPerRound": 0.1,
    "damagePerRound": 86.2,
    "deaths": 22661,
    "deathsPerRound": 0.64,
    "grenadeDamagePerRound": 2.3,
    "headshots": undefined,
    "kdRatio": 1.33,
    "kills": 30035,
    "killsPerRound": 0.85,
    "mapsPlayed": 1334,
    "rating1": 1.24,
    "roundsPlayed": 35209,
    "savedByTeammatePerRound": 0.08,
    "savedTeammatesPerRound": 0.11,
  },
  "team": Object {
    "id": 4608,
    "name": "Natus Vincere",
  },
}
`;

exports[`getPlayerStats 2`] = `
Object {
  "age": undefined,
  "country": Object {
    "code": "US",
    "name": "United States",
  },
  "ign": "savi0r",
  "image": "https://img-cdn.hltv.org/gallerypicture/Ca38D0cNRMI5JVWnViHM0-.jpg?bg=3e4c54&h=200&ixlib=java-2.1.0&rect=663%2C212%2C632%2C632&w=200&s=8225e5194fc92f0d4a0af9943b2b9ed3",
  "individualStatistics": Object {
    "firstKillInWonRounds": 7.9,
    "fiveKillRounds": 0,
    "fourKillRounds": 3,
    "grenadeKills": 6,
    "oneKillRounds": 137,
    "openingDeaths": 66,
    "openingKillRating": 0.77,
    "openingKillRatio": 0.5,
    "openingKills": 33,
    "otherKills": 0,
    "pistolKills": 64,
    "rifleKills": 200,
    "roundsWithKills": 204,
    "smgKills": 14,
    "sniperKills": 2,
    "teamWinPercentAfterFirstKill": 63.6,
    "threeKillRounds": 9,
    "twoKillRounds": 55,
    "zeroKillRounds": 350,
  },
  "name": "David Park",
  "overviewStatistics": Object {
    "assistsPerRound": 0.17,
    "damagePerRound": undefined,
    "deaths": 414,
    "deathsPerRound": 0.75,
    "grenadeDamagePerRound": undefined,
    "headshots": undefined,
    "kdRatio": 0.69,
    "kills": 286,
    "killsPerRound": 0.52,
    "mapsPlayed": 21,
    "rating1": 0.74,
    "roundsPlayed": 554,
    "savedByTeammatePerRound": undefined,
    "savedTeammatesPerRound": undefined,
  },
  "team": undefined,
}
`;

exports[`getPlayerStats 3`] = `
Object {
  "age": 20,
  "country": Object {
    "code": "KZ",
    "name": "Kazakhstan",
  },
  "ign": "neaLaN",
  "image": "https://img-cdn.hltv.org/playerbodyshot/lW3tGCFubnHMxtx3IBKAYV.png?ixlib=java-2.1.0&w=400&s=5d6333d27655e52884cab2b7ca0c655e",
  "individualStatistics": Object {
    "firstKillInWonRounds": 15.6,
    "fiveKillRounds": 12,
    "fourKillRounds": 100,
    "grenadeKills": 141,
    "oneKillRounds": 5789,
    "openingDeaths": 2284,
    "openingKillRating": 1.02,
    "openingKillRatio": 0.93,
    "openingKills": 2125,
    "otherKills": 60,
    "pistolKills": 2250,
    "rifleKills": 9487,
    "roundsWithKills": 8813,
    "smgKills": 640,
    "sniperKills": 186,
    "teamWinPercentAfterFirstKill": 71.3,
    "threeKillRounds": 667,
    "twoKillRounds": 2245,
    "zeroKillRounds": 10485,
  },
  "name": "Sanzhar Iskhakov",
  "overviewStatistics": Object {
    "assistsPerRound": 0.14,
    "damagePerRound": 75.6,
    "deaths": 13773,
    "deathsPerRound": 0.71,
    "grenadeDamagePerRound": 4.7,
    "headshots": undefined,
    "kdRatio": 0.92,
    "kills": 12740,
    "killsPerRound": 0.66,
    "mapsPlayed": 722,
    "rating2": 1.01,
    "roundsPlayed": 19298,
    "savedByTeammatePerRound": 0.1,
    "savedTeammatesPerRound": 0.09,
  },
  "team": Object {
    "id": 7244,
    "name": "K23",
  },
}
`;
